******************************************************************************
                  TI ARM Linker PC v20.2.7                     
******************************************************************************
>> Linked Thu Oct 31 17:59:02 2024

OUTPUT FILE NAME:   <Lab_9.out>
ENTRY POINT SYMBOL: "_c_int00_noargs"  address: 00001cf5


MEMORY CONFIGURATION

         name            origin    length      used     unused   attr    fill
----------------------  --------  ---------  --------  --------  ----  --------
  FLASH                 00000000   00040000  00001f40  0003e0c0  R  X
  SRAM                  20000000   00008000  000002cc  00007d34  RW X


SEGMENT ALLOCATION MAP

run origin  load origin   length   init length attrs members
----------  ----------- ---------- ----------- ----- -------
00000000    00000000    00001f40   00001f40    r-x
  00000000    00000000    0000026c   0000026c    r-- .intvecs
  0000026c    0000026c    00001b4c   00001b4c    r-x .text
  00001db8    00001db8    00000158   00000158    r-- .const
  00001f10    00001f10    00000030   00000030    r-- .cinit
20000000    20000000    000002cc   00000000    rw-
  20000000    20000000    00000200   00000000    rw- .stack
  20000200    20000200    000000c8   00000000    rw- .bss
  200002c8    200002c8    00000004   00000000    rw- .data


SECTION ALLOCATION MAP

 output                                  attributes/
section   page    origin      length       input sections
--------  ----  ----------  ----------   ----------------
.intvecs   0    00000000    0000026c     
                  00000000    0000026c     tm4c123gh6pm_startup_ccs.obj (.intvecs)

.text      0    0000026c    00001b4c     
                  0000026c    00000738     rtsv7M4_T_le_v4SPD16_eabi.lib : k_rem_pio2.c.obj (.text:__kernel_rem_pio2)
                  000009a4    000005e0                                   : s_sin.c.obj (.text:sin)
                  00000f84    000001fc     main.obj (.text)
                  00001180    000001b6     rtsv7M4_T_le_v4SPD16_eabi.lib : fd_add_t2.asm.obj (.text)
                  00001336    00000002     --HOLE-- [fill = 0]
                  00001338    00000174                                   : k_sin.c.obj (.text:__kernel_sin)
                  000014ac    00000170                                   : k_cos.c.obj (.text:__kernel_cos)
                  0000161c    00000136                                   : fd_div_t2.asm.obj (.text)
                  00001752    00000002     --HOLE-- [fill = 0]
                  00001754    00000110                                   : s_scalbn.c.obj (.text:scalbn)
                  00001864    000000fc                                   : fd_mul_t2.asm.obj (.text)
                  00001960    000000f8                                   : s_floor.c.obj (.text:floor)
                  00001a58    0000009c                                   : memcpy_t2.asm.obj (.text)
                  00001af4    00000086                                   : fd_cmp_t2.asm.obj (.text:__aeabi_cdcmple)
                  00001b7a    00000086                                   : fd_cmp_t2.asm.obj (.text:__aeabi_cdrcmple)
                  00001c00    00000068                                   : copy_decompress_lzss.c.obj (.text:decompress:lzss:__TI_decompress_lzss)
                  00001c68    00000048                                   : fd_toi_t2.asm.obj (.text)
                  00001cb0    00000044                                   : autoinit.c.obj (.text:__TI_auto_init_nobinit_nopinit:__TI_auto_init_nobinit_nopinit)
                  00001cf4    00000034                                   : boot_cortex_m.c.obj (.text:_c_int00_noargs:_c_int00_noargs)
                  00001d28    0000002e                                   : i_tofd_t2.asm.obj (.text)
                  00001d56    0000001c                                   : copy_zero_init.c.obj (.text:decompress:ZI:__TI_zero_init_nomemset:__TI_zero_init_nomemset)
                  00001d72    0000001a                                   : s_copysign.c.obj (.text:copysign)
                  00001d8c    0000000e                                   : copy_decompress_none.c.obj (.text:decompress:none:__TI_decompress_none)
                  00001d9a    0000000c     tm4c123gh6pm_startup_ccs.obj (.text)
                  00001da6    00000002     --HOLE-- [fill = 0]
                  00001da8    00000008     rtsv7M4_T_le_v4SPD16_eabi.lib : errno.c.obj (.text:__aeabi_errno_addr)
                  00001db0    00000004                                   : pre_init.c.obj (.text:_system_pre_init)
                  00001db4    00000004                                   : exit.c.obj (.text:abort:abort)

.const     0    00001db8    00000158     
                  00001db8    00000158     rtsv7M4_T_le_v4SPD16_eabi.lib : k_rem_pio2.c.obj (.const:$O1$$)

.cinit     0    00001f10    00000030     
                  00001f10    0000000c     (__TI_handler_table)
                  00001f1c    00000004     --HOLE-- [fill = 0]
                  00001f20    00000008     (.cinit..bss.load) [load image, compression = zero_init]
                  00001f28    00000007     (.cinit..data.load) [load image, compression = lzss]
                  00001f2f    00000001     --HOLE-- [fill = 0]
                  00001f30    00000010     (__TI_cinit_table)

.init_array 
*          0    00000000    00000000     UNINITIALIZED

.bss       0    20000200    000000c8     UNINITIALIZED
                  20000200    000000c8     (.common:sine_wave)

.data      0    200002c8    00000004     UNINITIALIZED
                  200002c8    00000004     rtsv7M4_T_le_v4SPD16_eabi.lib : errno.c.obj (.data)

.stack     0    20000000    00000200     UNINITIALIZED
                  20000000    00000004     rtsv7M4_T_le_v4SPD16_eabi.lib : boot_cortex_m.c.obj (.stack)
                  20000004    000001fc     --HOLE--

__llvm_prf_cnts 
*          0    20000000    00000000     UNINITIALIZED

MODULE SUMMARY

       Module                         code   ro data   rw data
       ------                         ----   -------   -------
    .\
       main.obj                       508    0         200    
       tm4c123gh6pm_startup_ccs.obj   12     620       0      
    +--+------------------------------+------+---------+---------+
       Total:                         520    620       200    
                                                              
    C:\ti\ccs1271\ccs\tools\compiler\ti-cgt-arm_20.2.7.LTS\lib\rtsv7M4_T_le_v4SPD16_eabi.lib
       k_rem_pio2.c.obj               1848   344       0      
       s_sin.c.obj                    1504   0         0      
       fd_add_t2.asm.obj              438    0         0      
       k_sin.c.obj                    372    0         0      
       k_cos.c.obj                    368    0         0      
       fd_div_t2.asm.obj              310    0         0      
       s_scalbn.c.obj                 272    0         0      
       fd_cmp_t2.asm.obj              268    0         0      
       fd_mul_t2.asm.obj              252    0         0      
       s_floor.c.obj                  248    0         0      
       memcpy_t2.asm.obj              156    0         0      
       copy_decompress_lzss.c.obj     104    0         0      
       fd_toi_t2.asm.obj              72     0         0      
       autoinit.c.obj                 68     0         0      
       boot_cortex_m.c.obj            52     0         0      
       i_tofd_t2.asm.obj              46     0         0      
       copy_zero_init.c.obj           28     0         0      
       s_copysign.c.obj               26     0         0      
       copy_decompress_none.c.obj     14     0         0      
       errno.c.obj                    8      0         4      
       exit.c.obj                     4      0         0      
       pre_init.c.obj                 4      0         0      
    +--+------------------------------+------+---------+---------+
       Total:                         6462   344       4      
                                                              
       Stack:                         0      0         512    
       Linker Generated:              0      43        0      
    +--+------------------------------+------+---------+---------+
       Grand Total:                   6982   1007      716    


LINKER GENERATED COPY TABLES

__TI_cinit_table @ 00001f30 records: 2, size/record: 8, table size: 16
	.bss: load addr=00001f20, load size=00000008 bytes, run addr=20000200, run size=000000c8 bytes, compression=zero_init
	.data: load addr=00001f28, load size=00000007 bytes, run addr=200002c8, run size=00000004 bytes, compression=lzss


LINKER GENERATED HANDLER TABLE

__TI_handler_table @ 00001f10 records: 3, size/record: 4, table size: 12
	index: 0, handler: __TI_decompress_lzss
	index: 1, handler: __TI_decompress_none
	index: 2, handler: __TI_zero_init


GLOBAL SYMBOLS: SORTED ALPHABETICALLY BY Name 

address   name                          
-------   ----                          
00001db5  C$$EXIT                       
00000fc3  I2C0_Init                     
00001013  I2C0_Write                    
00001d9b  ResetISR                      
20000200  __STACK_END                   
00000200  __STACK_SIZE                  
20000200  __STACK_TOP                   
00001f30  __TI_CINIT_Base               
00001f40  __TI_CINIT_Limit              
00001f10  __TI_Handler_Table_Base       
00001f1c  __TI_Handler_Table_Limit      
00001cb1  __TI_auto_init_nobinit_nopinit
00001c01  __TI_decompress_lzss          
00001d8d  __TI_decompress_none          
ffffffff  __TI_pprof_out_hndl           
ffffffff  __TI_prof_data_size           
ffffffff  __TI_prof_data_start          
00000000  __TI_static_base__            
00001d57  __TI_zero_init_nomemset       
00001af5  __aeabi_cdcmpeq               
00001af5  __aeabi_cdcmple               
00001b7b  __aeabi_cdrcmple              
00001c69  __aeabi_d2iz                  
0000118b  __aeabi_dadd                  
0000161d  __aeabi_ddiv                  
00001865  __aeabi_dmul                  
00001181  __aeabi_dsub                  
00001da9  __aeabi_errno_addr            
00001d29  __aeabi_i2d                   
00001a59  __aeabi_memcpy                
00001a59  __aeabi_memcpy4               
00001a59  __aeabi_memcpy8               
ffffffff  __binit__                     
ffffffff  __c_args__                    
000014ad  __kernel_cos                  
0000026d  __kernel_rem_pio2             
00001339  __kernel_sin                  
UNDEFED   __mpu_init                    
20000000  __stack                       
20000000  __start___llvm_prf_cnts       
20000000  __stop___llvm_prf_cnts        
00001cf5  _c_int00_noargs               
UNDEFED   _system_post_cinit            
00001db1  _system_pre_init              
00001db5  abort                         
ffffffff  binit                         
00001d73  copysign                      
00001d73  copysignl                     
000010ff  delayMs                       
200002c8  errno                         
00001961  floor                         
00001961  floorl                        
00000000  g_pfnVectors                  
00001087  generateSineWave              
00001755  ldexp                         
00001755  ldexpl                        
00000f85  main                          
00001a59  memcpy                        
00001755  scalbn                        
00001755  scalbnl                       
000009a5  sin                           
20000200  sine_wave                     
000009a5  sinl                          


GLOBAL SYMBOLS: SORTED BY Symbol Address 

address   name                          
-------   ----                          
00000000  __TI_static_base__            
00000000  g_pfnVectors                  
00000200  __STACK_SIZE                  
0000026d  __kernel_rem_pio2             
000009a5  sin                           
000009a5  sinl                          
00000f85  main                          
00000fc3  I2C0_Init                     
00001013  I2C0_Write                    
00001087  generateSineWave              
000010ff  delayMs                       
00001181  __aeabi_dsub                  
0000118b  __aeabi_dadd                  
00001339  __kernel_sin                  
000014ad  __kernel_cos                  
0000161d  __aeabi_ddiv                  
00001755  ldexp                         
00001755  ldexpl                        
00001755  scalbn                        
00001755  scalbnl                       
00001865  __aeabi_dmul                  
00001961  floor                         
00001961  floorl                        
00001a59  __aeabi_memcpy                
00001a59  __aeabi_memcpy4               
00001a59  __aeabi_memcpy8               
00001a59  memcpy                        
00001af5  __aeabi_cdcmpeq               
00001af5  __aeabi_cdcmple               
00001b7b  __aeabi_cdrcmple              
00001c01  __TI_decompress_lzss          
00001c69  __aeabi_d2iz                  
00001cb1  __TI_auto_init_nobinit_nopinit
00001cf5  _c_int00_noargs               
00001d29  __aeabi_i2d                   
00001d57  __TI_zero_init_nomemset       
00001d73  copysign                      
00001d73  copysignl                     
00001d8d  __TI_decompress_none          
00001d9b  ResetISR                      
00001da9  __aeabi_errno_addr            
00001db1  _system_pre_init              
00001db5  C$$EXIT                       
00001db5  abort                         
00001f10  __TI_Handler_Table_Base       
00001f1c  __TI_Handler_Table_Limit      
00001f30  __TI_CINIT_Base               
00001f40  __TI_CINIT_Limit              
20000000  __stack                       
20000000  __start___llvm_prf_cnts       
20000000  __stop___llvm_prf_cnts        
20000200  __STACK_END                   
20000200  __STACK_TOP                   
20000200  sine_wave                     
200002c8  errno                         
ffffffff  __TI_pprof_out_hndl           
ffffffff  __TI_prof_data_size           
ffffffff  __TI_prof_data_start          
ffffffff  __binit__                     
ffffffff  __c_args__                    
ffffffff  binit                         
UNDEFED   __mpu_init                    
UNDEFED   _system_post_cinit            

[63 symbols]
